---
source: lib/executor/src/tests/mod.rs
expression: qp_exec_ctx.final_response.to_string()
---
{"movie1": {"__typename": "Movie", "director": {"id": "1", "name": "Christopher Nolan"}, "id": "1", "name": "Inception"}, "movie2": {"__typename": "Movie", "id": "2", "name": "Interstellar"}}
