---
source: lib/query-planner/src/consumer_schema/strip_schema_internals.rs
expression: schema_str
---
"schema {\n  query: Query\n}\n\ndirective @myDirective(a: String!) on FIELD_DEFINITION\n\ndirective @hello on FIELD_DEFINITION\n\ntype Product implements ProductItf & SkuItf {\n  id: ID!\n  dimensions: ProductDimension\n  delivery(zip: String): DeliveryEstimates\n  sku: String\n  package: String\n  variation: ProductVariation\n  name: String @hello\n  createdBy: User\n  hidden: String\n  reviewsScore: Float!\n  oldField: String\n  reviewsCount: Int!\n  reviews: [Review!]!\n}\n\ntype ProductDimension {\n  size: String\n  weight: Float\n}\n\ntype DeliveryEstimates {\n  estimatedDelivery: String\n  fastestDelivery: String\n}\n\ntype Query {\n  allPandas: [Panda]\n  panda(name: ID!): Panda\n  allProducts: [ProductItf]\n  product(id: ID!): ProductItf\n  review(id: Int!): Review\n}\n\ntype Mutation {\n  newRandomReview: Review\n}\n\ntype Panda {\n  name: ID!\n  favoriteFood: String\n}\n\ntype ProductVariation {\n  id: ID!\n  name: String\n}\n\ntype User {\n  email: ID!\n  totalProductsCreated: Int\n  name: String\n}\n\ntype Review {\n  id: Int!\n  body: String!\n}\n\ninterface ProductItf implements SkuItf {\n  id: ID!\n  dimensions: ProductDimension\n  delivery(zip: String): DeliveryEstimates\n  sku: String\n  name: String\n  package: String\n  variation: ProductVariation\n  createdBy: User\n  hidden: String\n  oldField: String @deprecated(reason: \"refactored out\")\n  reviewsCount: Int!\n  reviewsScore: Float!\n  reviews: [Review!]!\n}\n\ninterface SkuItf {\n  sku: String\n}\n\nenum ShippingClass {\n  STANDARD\n  EXPRESS\n  OVERNIGHT\n}\n"
